Attention: Next.js now collects completely anonymous telemetry regarding usage.
This information is used to shape Next.js' roadmap and prioritize features.
You can learn more, including how to opt-out if you'd not like to participate in this anonymous program, by visiting the following URL:
https://nextjs.org/telemetry

Γû▓ Next.js 16.2.0 (Turbopack)
- Environments: .env.local

  Creating an optimized production build ...
node.exe : 
At D:\New folder\npx.ps1:29 char:3
+   & $NODE_EXE $NPX_CLI_JS $args
+   ~~~~~~~~~~~~~~~~~~~~~~~~~~~~~
    + CategoryInfo          : NotSpecified: (:String) [], RemoteException
    + FullyQualifiedErrorId : NativeCommandError
 
> Build error occurred
Error: Turbopack build failed with 1 errors:
./node_modules/fflate/lib/node.cjs:22:13
Module not found: Can't resolve <dynamic>
  [90m20 |[0m node_worker_1[[32m"default"[0m] = [33mWorker[0m ? [36mfunction[0m (c, _, msg, transfer, cb) {
  [90m21 |[0m     [36mvar[0m done = [36mfalse[0m;
[31m[1m>[0m [90m22 |[0m     [36mvar[0m w = [36mnew[0m [33mWorker[0m(c + workerAdd, { eval: [36mtrue[0m })
  [90m   |[0m             [31m[1m^^^^^^^^^^^^^^^^^^^^^^^^^^^^^^^^^^^^^^^^^[0m
  [90m23 |[0m         .on([32m'error'[0m, [36mfunction[0m (e) { [36mreturn[0m cb(e, [36mnull[0m); })
  [90m24 |[0m         .on([32m'message'[0m, [36mfunction[0m (m) { [36mreturn[0m cb([36mnull[0m, m); })
  [90m25 |[0m         .on([32m'exit'[0m, [36mfunction[0m (c) {



Import trace:
  Client Component SSR:
    ./node_modules/fflate/lib/node.cjs [Client Component SSR]
    ./node_modules/jspdf/dist/jspdf.node.min.js [Client Component SSR]
    ./lib/pdf.ts [Client Component SSR]
    ./app/dashboard/reports/page.tsx [Client Component SSR]
    ./app/dashboard/reports/page.tsx [Server Component]

https://nextjs.org/docs/messages/module-not-found


    at <unknown> (https://nextjs.org/docs/messages/module-not-found)
